     1                                  ; Gabe Imlay
     2                                  ; CSC322 <10/19/22>
     3                                  ; Project 5: Max Fibonacci
     4                                  ; This project will calculate the largest, unsigned fibonacci 
     5                                  ; number that can fit into a double word on our machine
     6                                  
     7                                  SECTION .data
     8                                  ; define data/variables here.  Think DB, DW, DD, DQ
     9                                  
    10                                  SECTION .bss
    11                                  ; define uninitialized data here
    12 00000000 <res 00000004>          MaxFib:     RESD 1
    13 00000004 <res 00000002>          FibCount:	RESW 1
    14                                  
    15                                  SECTION .text
    16                                  global _main
    17                                  _main:
    18                                  
    19                                  ; put your code here.
    20                                  
    21 00000000 B800000000              mov EAX, 0 ; use EAX to hold first int
    22 00000005 BB01000000              mov EBX, 1 ; use EBX to hold second int
    23 0000000A 66C705[04000000]02-     mov WORD [FibCount], 2
    24 00000012 00                 
    25                                  top:	
    26 00000013 66FF05[04000000]        	inc WORD [FibCount] ; increment fib count to keep track of the number of fib nums
    27 0000001A 89C1                    	mov ECX, EAX ; save a copy of the int in EAX
    28 0000001C 01D9                    	add ECX, EBX ; Determine the next fib num
    29                                  	
    30 0000001E 7806                    	js stop   ; if there was not a carry, keep looping
    31                                  	          ; otherwise EBX has the max unsigned in
    32 00000020 89D8                    	mov EAX, EBX ; move num in EBX into EAX
    33 00000022 89CB                    	mov EBX, ECX ; move num in ECX to EBX
    34                                  	
    35 00000024 EBED                    	jmp top ; if there is not a carry above, repeat
    36                                  stop:	
    37                                  	;dec WORD [FibCount] ; decremented by 1 since it is the previous fib
    38 00000026 890D[00000000]          	mov [MaxFib],ECX ; move the last successful fib number into MaxFib
    39                                  lastBreak:
    40                                  
    41                                  ; Normal termination code
    42 0000002C B801000000              mov eax, 1
    43 00000031 BB00000000              mov ebx, 0
    44 00000036 CD80                    int 80h
